"model_name","amount"
"Airbus A319-100","62244.79"
"Boeing 767-300","31126.29"
"Boeing 777-300","23789.81"
"Boeing 737-300","18536.38"
"Sukhoi Superjet-100","16424.00"
"Bombardier CRJ-200","13961.19"
"Airbus A321-200","8809.17"
"Cessna 208 Caravan","6698.83"
