"airport_code","rate"
"PYJ","0.11"
"USK","0.11"
"DYR","0.08"
"EYK","0.06"
"IWA","0.06"
"KXK","0.06"
"OSW","0.06"
"KYZ","0.05"
"LPK","0.05"
"NFG","0.05"
