"aircraft_code","seat_no","cnt"
"319","9A","278"
"321","13D","366"
"733","16E","390"
"733","1D","390"
"763","23G","333"
"773","15K","229"
"CN1","6B","700"
"CR2","3D","1736"
"SU9","14E","2154"
