"day_of_week","amount"
"5","79551.65"
"1","79258.64"
"2","78928.38"
"4","78795.93"
"0","78723.27"
"6","78599.76"
